// Jest Snapshot v1, https://goo.gl/fbAQLP

exports[`ClassForm renders the form 1`] = `undefined`;
