// Jest Snapshot v1, https://goo.gl/fbAQLP

exports[`SideNav renders the Navigation menu 1`] = `undefined`;
